<!DOCTYPE html>
<html>
<head>


  </head>
<body>
  <table class="text-xl" width="100%" height="600" bgcolor="#f0f0f0" background="https://example.com/image.jpg" align="center" style="font-size: 1.25rem; width: 100%; height: 600px; background-color: #f0f0f0; background-image: url('https://example.com/image.jpg'); margin-left: auto; margin-right: auto" cellpadding="0" cellspacing="0" role="presentation">
    <tr>
      <th valign="top" style="vertical-align: top">Test TH</th>
      <th width="200" style="width: 200px">Empty</th>
    </tr>
    <tr>
      <td width="600" height="600" bgcolor="#f0f0f0" background="https://example.com/image.jpg" align="center" valign="middle" style="width: 600px; height: 600px; background-color: #f0f0f0; background-image: url('https://example.com/image.jpg'); text-align: center; vertical-align: middle">
        <img src="https://example.com/image.jpg" width="300" height="200" style="width: 300px; height: 200px" alt="">
      </td>
    </tr>
  </table>
  <table align="left" style="float: left" cellpadding="0" cellspacing="0" role="presentation">
    <tr>
      <td>Float left table</td>
    </tr>
  </table>
</body>
</html>
