<img src="https://example.com/test.jpg" alt="">

<div style="background-image: url('https://example.com/test.jpg')">Test</div>

<div style="background-image: url(https://example.com/test.jpg)">Test</div>

<table background="https://example.com/test.jpg">
  <tr>
    <td>Test</td>
  </tr>
</table>
