<!DOCTYPE html>
<html>

  <head>

    <style>
      .table {
        display: table
      }

      .w-full {
        width: 100%
      }
    </style>
  </head>

  <body>
    <table class="w-full">
      <tr>
        <td>Test</td>
      </tr>
    </table>
  </body>

</html>
