<style>@media (min-width: 640px) {
  .foo {
    color: red;
  }
}</style>

<div class="foo">LOREM IPSUM DOLOR SIT AMET</div>
